
Memory Configuration

Name             Origin             Length             Attributes
flash            0x08000000         0x00020000         xr
sram             0x20000000         0x00005000         xrw
*default*        0x00000000         0xffffffff

Linker script and memory map


.text           0x08000000      0x148
 *(.Vectors*)
 *(.text*)
 .text          0x08000000       0x8c main.o
                0x08000000                main
 .text          0x0800008c       0xbc startup.o
                0x0800008c                Reset_Handler
                0x0800013c                Usage_fault_Handler
                0x0800013c                MM_Fault_Handler
                0x0800013c                NMI_Handler
                0x0800013c                Bus_Fault
                0x0800013c                H_fault_Handler
                0x0800013c                Defualt_Handler
 *(.rodata)
                0x08000148                _E_text = .

.glue_7         0x08000148        0x0
 .glue_7        0x00000000        0x0 linker stubs

.glue_7t        0x08000148        0x0
 .glue_7t       0x00000000        0x0 linker stubs

.vfp11_veneer   0x08000148        0x0
 .vfp11_veneer  0x00000000        0x0 linker stubs

.v4_bx          0x08000148        0x0
 .v4_bx         0x00000000        0x0 linker stubs

.iplt           0x08000148        0x0
 .iplt          0x00000000        0x0 main.o

.rel.dyn        0x08000148        0x0
 .rel.iplt      0x00000000        0x0 main.o

.data           0x20000000        0x0 load address 0x08000148
                0x20000000                _S_data = .
 *(.data)
 .data          0x20000000        0x0 main.o
 .data          0x20000000        0x0 startup.o
                0x20000000                . = ALIGN (0x4)
                0x20000000                _E_data = .

.igot.plt       0x20000000        0x0 load address 0x08000148
 .igot.plt      0x00000000        0x0 main.o

.vectors        0x20000000       0x1c load address 0x08000148
 .vectors       0x20000000       0x1c startup.o
                0x20000000                vectors

.bss            0x2000001c     0x1000 load address 0x08000164
                0x2000001c                _S_bss = .
 *(.bss)
 .bss           0x2000001c        0x0 main.o
 .bss           0x2000001c        0x0 startup.o
                0x2000001c                . = ALIGN (0x4)
                0x2000001c                _E_bss = .
                0x2000101c                . = (. + 0x1000)
 *fill*         0x2000001c     0x1000 
                0x2000101c                _stack_top = .
LOAD main.o
LOAD startup.o
OUTPUT(learn-in-depth_cortex_m3.elf elf32-littlearm)

.debug_info     0x00000000      0x4a3
 .debug_info    0x00000000      0x33a main.o
 .debug_info    0x0000033a      0x169 startup.o

.debug_abbrev   0x00000000      0x19b
 .debug_abbrev  0x00000000       0xd7 main.o
 .debug_abbrev  0x000000d7       0xc4 startup.o

.debug_loc      0x00000000       0x9c
 .debug_loc     0x00000000       0x38 main.o
 .debug_loc     0x00000038       0x64 startup.o

.debug_aranges  0x00000000       0x40
 .debug_aranges
                0x00000000       0x20 main.o
 .debug_aranges
                0x00000020       0x20 startup.o

.debug_line     0x00000000      0x11e
 .debug_line    0x00000000       0x6d main.o
 .debug_line    0x0000006d       0xb1 startup.o

.debug_str      0x00000000      0x226
 .debug_str     0x00000000      0x19e main.o
                                0x1be (size before relaxing)
 .debug_str     0x0000019e       0x88 startup.o
                                0x173 (size before relaxing)

.comment        0x00000000       0x11
 .comment       0x00000000       0x11 main.o
                                 0x12 (size before relaxing)
 .comment       0x00000000       0x12 startup.o

.ARM.attributes
                0x00000000       0x33
 .ARM.attributes
                0x00000000       0x33 main.o
 .ARM.attributes
                0x00000033       0x33 startup.o

.debug_frame    0x00000000       0x78
 .debug_frame   0x00000000       0x2c main.o
 .debug_frame   0x0000002c       0x4c startup.o
