
Memory Configuration

Name             Origin             Length             Attributes
FLASH            0x00000000         0x20000000         xr
SRAM             0x20000000         0x20000000         xrw
*default*        0x00000000         0xffffffff

Linker script and memory map


.text           0x00000000      0x12c
 *(.vectors*)
 .vectors       0x00000000       0x10 startup.o
                0x00000000                g_p_fn_vectors
 *(.text)
 .text          0x00000010       0x8c main.o
                0x00000010                main
 .text          0x0000009c       0x90 startup.o
                0x0000009c                Hard_Fault_Handler
                0x0000009c                Default_Handler
                0x0000009c                NMI_Handler
                0x000000a8                Reset_Handler
                0x0000012c                . = ALIGN (0x4)
                0x0000012c                _E_text = .

.glue_7         0x0000012c        0x0
 .glue_7        0x0000012c        0x0 linker stubs

.glue_7t        0x0000012c        0x0
 .glue_7t       0x0000012c        0x0 linker stubs

.vfp11_veneer   0x0000012c        0x0
 .vfp11_veneer  0x0000012c        0x0 linker stubs

.v4_bx          0x0000012c        0x0
 .v4_bx         0x0000012c        0x0 linker stubs

.iplt           0x0000012c        0x0
 .iplt          0x0000012c        0x0 main.o

.rel.dyn        0x0000012c        0x0
 .rel.iplt      0x0000012c        0x0 main.o

.data           0x20000000        0x0 load address 0x0000012c
                0x20000000                . = ALIGN (0x4)
                0x20000000                _S_data = .
 *(.data*)
 .data          0x20000000        0x0 main.o
 .data          0x20000000        0x0 startup.o
                0x20000000                . = ALIGN (0x4)
                0x20000000                _E_data = .

.igot.plt       0x20000000        0x0 load address 0x0000012c
 .igot.plt      0x20000000        0x0 main.o

.rodata         0x0000012c        0x0
                0x0000012c                . = ALIGN (0x4)
                0x0000012c                _S_rodata = .
 *(.rodata*)
                0x0000012c                . = ALIGN (0x4)
                0x0000012c                _E_rodata = .

.bss            0x20000000      0x424
                0x20000000                . = ALIGN (0x4)
                0x20000000                _S_bss = .
 *(.bss*)
 .bss           0x20000000        0x0 main.o
 .bss           0x20000000      0x424 startup.o
                0x20000424                . = ALIGN (0x4)
 *(COMMON*)
                0x20000424                . = ALIGN (0x4)
                0x20000424                _E_bss = .
LOAD main.o
LOAD startup.o
OUTPUT(unit3_lab4_cortex_m3.elf elf32-littlearm)

.debug_info     0x00000000      0x251
 .debug_info    0x00000000       0xa4 main.o
 .debug_info    0x000000a4      0x1ad startup.o

.debug_abbrev   0x00000000      0x13f
 .debug_abbrev  0x00000000       0x5a main.o
 .debug_abbrev  0x0000005a       0xe5 startup.o

.debug_loc      0x00000000       0xb4
 .debug_loc     0x00000000       0x38 main.o
 .debug_loc     0x00000038       0x7c startup.o

.debug_aranges  0x00000000       0x40
 .debug_aranges
                0x00000000       0x20 main.o
 .debug_aranges
                0x00000020       0x20 startup.o

.debug_line     0x00000000       0xc8
 .debug_line    0x00000000       0x61 main.o
 .debug_line    0x00000061       0x67 startup.o

.debug_str      0x00000000      0x1a7
 .debug_str     0x00000000      0x121 main.o
                                0x14c (size before relaxing)
 .debug_str     0x00000121       0x86 startup.o
                                0x1ba (size before relaxing)

.comment        0x00000000       0x7e
 .comment       0x00000000       0x7e main.o
                                 0x7f (size before relaxing)
 .comment       0x0000007e       0x7f startup.o

.ARM.attributes
                0x00000000       0x33
 .ARM.attributes
                0x00000000       0x33 main.o
 .ARM.attributes
                0x00000033       0x33 startup.o

.debug_frame    0x00000000       0x7c
 .debug_frame   0x00000000       0x2c main.o
 .debug_frame   0x0000002c       0x50 startup.o
